// Jest Snapshot v1, https://goo.gl/fbAQLP

exports[`Test GifGrid Must show GifGrid Snapshot 1`] = `
<Fragment>
  <h3>
    One Punch
  </h3>
  <p
    className="animate__animated animate__flash"
  >
    Loading...
  </p>
  <div
    className="card-grid"
  />
</Fragment>
`;

exports[`Test GifGrid Must show items when getting images 1`] = `
<Fragment>
  <h3>
    One Punch
  </h3>
  <p
    className="animate__animated animate__flash"
  >
    Loading...
  </p>
  <div
    className="card-grid"
  />
</Fragment>
`;
